[ERROR] [Help 1] http://cwiki.apache.org/confluence/display/MAVEN/MojoFailureException
